==========================================
    MOBILE DEV & SECURITY OPERATIONS
==========================================
[*] Running network check...
Warning: cannot open /proc/net/dev (Permission denied). Limited output.
lo: flags=73<UP,LOOPBACK,RUNNING>  mtu 65536
        inet 127.0.0.1  netmask 255.0.0.0
        unspec 00-00-00-00-00-00-00-00-00-00-00-00-00-00-00-00  txqueuelen 1000  (UNSPEC)

wlan0: flags=4163<UP,BROADCAST,RUNNING,MULTICAST>  mtu 1500
        inet 10.128.49.86  netmask 255.255.0.0  broadcast 10.128.255.255
        unspec 00-00-00-00-00-00-00-00-00-00-00-00-00-00-00-00  txqueuelen 3000  (UNSPEC)

[*] Checking local ports with nmap...
Starting Nmap 7.991 ( https://nmap.org ) at 2026-08-12 07:44 +0100
Nmap scan report for localhost (127.0.0.1)
Host is up (0.00014s latency).

PORT    STATE  SERVICE
22/tcp  closed ssh
80/tcp  closed http
443/tcp closed https

Nmap done: 1 IP address (1 host up) scanned in 0.03 seconds
[*] Checking local Git repositories...
[+] Syncing repository: Neofetch-Python
On branch main
Your branch is up to date with 'origin/main'.

nothing to commit, working tree clean
==========================================
    AUTOMATION ROUTINE COMPLETE
==========================================
==========================================
    MOBILE DEV & SECURITY OPERATIONS
==========================================
[*] Running network check...
Warning: cannot open /proc/net/dev (Permission denied). Limited output.
lo: flags=73<UP,LOOPBACK,RUNNING>  mtu 65536
        inet 127.0.0.1  netmask 255.0.0.0
        unspec 00-00-00-00-00-00-00-00-00-00-00-00-00-00-00-00  txqueuelen 1000  (UNSPEC)

wlan0: flags=4163<UP,BROADCAST,RUNNING,MULTICAST>  mtu 1500
        inet 10.128.49.86  netmask 255.255.0.0  broadcast 10.128.255.255
        unspec 00-00-00-00-00-00-00-00-00-00-00-00-00-00-00-00  txqueuelen 3000  (UNSPEC)

[*] Checking local ports with nmap...
Starting Nmap 7.991 ( https://nmap.org ) at 2026-08-12 08:00 +0100
Nmap scan report for localhost (127.0.0.1)
Host is up (0.00015s latency).

PORT    STATE  SERVICE
22/tcp  closed ssh
80/tcp  closed http
443/tcp closed https

Nmap done: 1 IP address (1 host up) scanned in 0.04 seconds
[*] Checking local Git repositories...
[+] Syncing repository: Neofetch-Python
On branch main
Your branch is up to date with 'origin/main'.

nothing to commit, working tree clean
[-] Push skipped or no remote set for Neofetch-Python
==========================================
    AUTOMATION ROUTINE COMPLETE
==========================================
==========================================
    MOBILE DEV & SECURITY OPERATIONS
==========================================
[*] Running network check...
Warning: cannot open /proc/net/dev (Permission denied). Limited output.
lo: flags=73<UP,LOOPBACK,RUNNING>  mtu 65536
        inet 127.0.0.1  netmask 255.0.0.0
        unspec 00-00-00-00-00-00-00-00-00-00-00-00-00-00-00-00  txqueuelen 1000  (UNSPEC)

wlan0: flags=4163<UP,BROADCAST,RUNNING,MULTICAST>  mtu 1500
        inet 10.128.49.86  netmask 255.255.0.0  broadcast 10.128.255.255
        unspec 00-00-00-00-00-00-00-00-00-00-00-00-00-00-00-00  txqueuelen 3000  (UNSPEC)

[*] Checking local ports with nmap...
Starting Nmap 7.991 ( https://nmap.org ) at 2026-08-12 08:30 +0100
Nmap scan report for localhost (127.0.0.1)
Host is up (0.00022s latency).

PORT    STATE  SERVICE
22/tcp  closed ssh
80/tcp  closed http
443/tcp closed https

Nmap done: 1 IP address (1 host up) scanned in 0.04 seconds
[*] Checking local Git repositories...
[+] Syncing repository: Neofetch-Python
On branch main
Your branch is up to date with 'origin/main'.

nothing to commit, working tree clean
[-] Push skipped or no remote set for Neofetch-Python
==========================================
    AUTOMATION ROUTINE COMPLETE
==========================================
==========================================
    MOBILE DEV & SECURITY OPERATIONS
==========================================
[*] Running network check...
Warning: cannot open /proc/net/dev (Permission denied). Limited output.
lo: flags=73<UP,LOOPBACK,RUNNING>  mtu 65536
        inet 127.0.0.1  netmask 255.0.0.0
        unspec 00-00-00-00-00-00-00-00-00-00-00-00-00-00-00-00  txqueuelen 1000  (UNSPEC)

wlan0: flags=4163<UP,BROADCAST,RUNNING,MULTICAST>  mtu 1500
        inet 10.128.49.86  netmask 255.255.0.0  broadcast 10.128.255.255
        unspec 00-00-00-00-00-00-00-00-00-00-00-00-00-00-00-00  txqueuelen 3000  (UNSPEC)

[*] Checking local ports with nmap...
Starting Nmap 7.991 ( https://nmap.org ) at 2026-08-12 09:00 +0100
Nmap scan report for localhost (127.0.0.1)
Host is up (0.00019s latency).

PORT    STATE  SERVICE
22/tcp  closed ssh
80/tcp  closed http
443/tcp closed https

Nmap done: 1 IP address (1 host up) scanned in 0.04 seconds
[*] Checking local Git repositories...
[+] Syncing repository: Neofetch-Python
On branch main
Your branch is up to date with 'origin/main'.

nothing to commit, working tree clean
[-] Push skipped or no remote set for Neofetch-Python
==========================================
    AUTOMATION ROUTINE COMPLETE
==========================================
  File "/data/data/com.termux/files/home/scripts/bot_notify.py", line 1
    nano ~/scripts/bot_notify.py
         ^
SyntaxError: invalid syntax
==========================================
    MOBILE DEV & SECURITY OPERATIONS
==========================================
[*] Running network check...
Warning: cannot open /proc/net/dev (Permission denied). Limited output.
lo: flags=73<UP,LOOPBACK,RUNNING>  mtu 65536
        inet 127.0.0.1  netmask 255.0.0.0
        unspec 00-00-00-00-00-00-00-00-00-00-00-00-00-00-00-00  txqueuelen 1000  (UNSPEC)

wlan0: flags=4163<UP,BROADCAST,RUNNING,MULTICAST>  mtu 1500
        inet 10.128.49.86  netmask 255.255.0.0  broadcast 10.128.255.255
        unspec 00-00-00-00-00-00-00-00-00-00-00-00-00-00-00-00  txqueuelen 3000  (UNSPEC)

[*] Checking local ports with nmap...
Starting Nmap 7.991 ( https://nmap.org ) at 2026-08-12 09:30 +0100
Nmap scan report for localhost (127.0.0.1)
Host is up (0.00018s latency).

PORT    STATE  SERVICE
22/tcp  closed ssh
80/tcp  closed http
443/tcp closed https

Nmap done: 1 IP address (1 host up) scanned in 0.03 seconds
[*] Checking local Git repositories...
[+] Syncing repository: Neofetch-Python
On branch main
Your branch is up to date with 'origin/main'.

nothing to commit, working tree clean
[-] Push skipped or no remote set for Neofetch-Python
==========================================
    AUTOMATION ROUTINE COMPLETE
==========================================
==========================================
    MOBILE DEV & SECURITY OPERATIONS
==========================================
[*] Running network check...
Warning: cannot open /proc/net/dev (Permission denied). Limited output.
lo: flags=73<UP,LOOPBACK,RUNNING>  mtu 65536
        inet 127.0.0.1  netmask 255.0.0.0
        unspec 00-00-00-00-00-00-00-00-00-00-00-00-00-00-00-00  txqueuelen 1000  (UNSPEC)

wlan0: flags=4163<UP,BROADCAST,RUNNING,MULTICAST>  mtu 1500
        inet 10.128.49.86  netmask 255.255.0.0  broadcast 10.128.255.255
        unspec 00-00-00-00-00-00-00-00-00-00-00-00-00-00-00-00  txqueuelen 3000  (UNSPEC)

[*] Checking local ports with nmap...
Starting Nmap 7.991 ( https://nmap.org ) at 2026-08-12 10:00 +0100
Nmap scan report for localhost (127.0.0.1)
Host is up (0.00026s latency).

PORT    STATE  SERVICE
22/tcp  closed ssh
80/tcp  closed http
443/tcp closed https

Nmap done: 1 IP address (1 host up) scanned in 0.05 seconds
[*] Checking local Git repositories...
[+] Syncing repository: Neofetch-Python
On branch main
Your branch is up to date with 'origin/main'.

nothing to commit, working tree clean
[-] Push skipped or no remote set for Neofetch-Python
==========================================
    AUTOMATION ROUTINE COMPLETE
==========================================
==========================================
    MOBILE DEV & SECURITY OPERATIONS
==========================================
[*] Running network check...
Warning: cannot open /proc/net/dev (Permission denied). Limited output.
lo: flags=73<UP,LOOPBACK,RUNNING>  mtu 65536
        inet 127.0.0.1  netmask 255.0.0.0
        unspec 00-00-00-00-00-00-00-00-00-00-00-00-00-00-00-00  txqueuelen 1000  (UNSPEC)

wlan0: flags=4163<UP,BROADCAST,RUNNING,MULTICAST>  mtu 1500
        inet 10.128.49.86  netmask 255.255.0.0  broadcast 10.128.255.255
        unspec 00-00-00-00-00-00-00-00-00-00-00-00-00-00-00-00  txqueuelen 3000  (UNSPEC)

[*] Checking local ports with nmap...
Starting Nmap 7.991 ( https://nmap.org ) at 2026-08-12 10:30 +0100
Nmap scan report for localhost (127.0.0.1)
Host is up (0.00022s latency).

PORT    STATE  SERVICE
22/tcp  closed ssh
80/tcp  closed http
443/tcp closed https

Nmap done: 1 IP address (1 host up) scanned in 0.05 seconds
[*] Checking local Git repositories...
[+] Syncing repository: Neofetch-Python
On branch main
Your branch is up to date with 'origin/main'.

nothing to commit, working tree clean
[-] Push skipped or no remote set for Neofetch-Python
==========================================
    AUTOMATION ROUTINE COMPLETE
==========================================
==========================================
    MOBILE DEV & SECURITY OPERATIONS
==========================================
[*] Running network check...
Warning: cannot open /proc/net/dev (Permission denied). Limited output.
lo: flags=73<UP,LOOPBACK,RUNNING>  mtu 65536
        inet 127.0.0.1  netmask 255.0.0.0
        unspec 00-00-00-00-00-00-00-00-00-00-00-00-00-00-00-00  txqueuelen 1000  (UNSPEC)

wlan0: flags=4163<UP,BROADCAST,RUNNING,MULTICAST>  mtu 1500
        inet 10.128.49.86  netmask 255.255.0.0  broadcast 10.128.255.255
        unspec 00-00-00-00-00-00-00-00-00-00-00-00-00-00-00-00  txqueuelen 3000  (UNSPEC)

[*] Checking local ports with nmap...
Starting Nmap 7.991 ( https://nmap.org ) at 2026-08-12 11:00 +0100
Nmap scan report for localhost (127.0.0.1)
Host is up (0.00032s latency).

PORT    STATE  SERVICE
22/tcp  closed ssh
80/tcp  closed http
443/tcp closed https

Nmap done: 1 IP address (1 host up) scanned in 0.05 seconds
[*] Checking local Git repositories...
[+] Syncing repository: Neofetch-Python
On branch main
Your branch is up to date with 'origin/main'.

nothing to commit, working tree clean
[-] Push skipped or no remote set for Neofetch-Python
==========================================
    AUTOMATION ROUTINE COMPLETE
==========================================
==========================================
    MOBILE DEV & SECURITY OPERATIONS
==========================================
[*] Running network check...
Warning: cannot open /proc/net/dev (Permission denied). Limited output.
lo: flags=73<UP,LOOPBACK,RUNNING>  mtu 65536
        inet 127.0.0.1  netmask 255.0.0.0
        unspec 00-00-00-00-00-00-00-00-00-00-00-00-00-00-00-00  txqueuelen 1000  (UNSPEC)

wlan0: flags=4163<UP,BROADCAST,RUNNING,MULTICAST>  mtu 1500
        inet 10.128.49.86  netmask 255.255.0.0  broadcast 10.128.255.255
        unspec 00-00-00-00-00-00-00-00-00-00-00-00-00-00-00-00  txqueuelen 3000  (UNSPEC)

[*] Checking local ports with nmap...
Starting Nmap 7.991 ( https://nmap.org ) at 2026-08-12 11:30 +0100
Nmap scan report for localhost (127.0.0.1)
Host is up (0.00023s latency).

PORT    STATE  SERVICE
22/tcp  closed ssh
80/tcp  closed http
443/tcp closed https

Nmap done: 1 IP address (1 host up) scanned in 0.05 seconds
[*] Checking local Git repositories...
[+] Syncing repository: Neofetch-Python
On branch main
Your branch is up to date with 'origin/main'.

nothing to commit, working tree clean
[-] Push skipped or no remote set for Neofetch-Python
==========================================
    AUTOMATION ROUTINE COMPLETE
==========================================
==========================================
    MOBILE DEV & SECURITY OPERATIONS
==========================================
[*] Running network check...
Warning: cannot open /proc/net/dev (Permission denied). Limited output.
lo: flags=73<UP,LOOPBACK,RUNNING>  mtu 65536
        inet 127.0.0.1  netmask 255.0.0.0
        unspec 00-00-00-00-00-00-00-00-00-00-00-00-00-00-00-00  txqueuelen 1000  (UNSPEC)

wlan0: flags=4163<UP,BROADCAST,RUNNING,MULTICAST>  mtu 1500
        inet 10.128.49.86  netmask 255.255.0.0  broadcast 10.128.255.255
        unspec 00-00-00-00-00-00-00-00-00-00-00-00-00-00-00-00  txqueuelen 3000  (UNSPEC)

[*] Checking local ports with nmap...
Starting Nmap 7.991 ( https://nmap.org ) at 2026-08-12 12:00 +0100
Nmap scan report for localhost (127.0.0.1)
Host is up (0.00025s latency).

PORT    STATE  SERVICE
22/tcp  closed ssh
80/tcp  closed http
443/tcp closed https

Nmap done: 1 IP address (1 host up) scanned in 0.05 seconds
[*] Checking local Git repositories...
[+] Syncing repository: Neofetch-Python
On branch main
Your branch is up to date with 'origin/main'.

nothing to commit, working tree clean
[-] Push skipped or no remote set for Neofetch-Python
==========================================
    AUTOMATION ROUTINE COMPLETE
==========================================
==========================================
    MOBILE DEV & SECURITY OPERATIONS
==========================================
[*] Running network check...
Warning: cannot open /proc/net/dev (Permission denied). Limited output.
lo: flags=73<UP,LOOPBACK,RUNNING>  mtu 65536
        inet 127.0.0.1  netmask 255.0.0.0
        unspec 00-00-00-00-00-00-00-00-00-00-00-00-00-00-00-00  txqueuelen 1000  (UNSPEC)

wlan0: flags=4163<UP,BROADCAST,RUNNING,MULTICAST>  mtu 1500
        inet 10.128.49.86  netmask 255.255.0.0  broadcast 10.128.255.255
        unspec 00-00-00-00-00-00-00-00-00-00-00-00-00-00-00-00  txqueuelen 3000  (UNSPEC)

[*] Checking local ports with nmap...
Starting Nmap 7.991 ( https://nmap.org ) at 2026-08-12 12:30 +0100
Nmap scan report for localhost (127.0.0.1)
Host is up (0.00025s latency).

PORT    STATE  SERVICE
22/tcp  closed ssh
80/tcp  closed http
443/tcp closed https

Nmap done: 1 IP address (1 host up) scanned in 0.05 seconds
[*] Checking local Git repositories...
[+] Syncing repository: Neofetch-Python
On branch main
Your branch is up to date with 'origin/main'.

nothing to commit, working tree clean
[-] Push skipped or no remote set for Neofetch-Python
==========================================
    AUTOMATION ROUTINE COMPLETE
==========================================
==========================================
    MOBILE DEV & SECURITY OPERATIONS
==========================================
[*] Running network check...
Warning: cannot open /proc/net/dev (Permission denied). Limited output.
lo: flags=73<UP,LOOPBACK,RUNNING>  mtu 65536
        inet 127.0.0.1  netmask 255.0.0.0
        unspec 00-00-00-00-00-00-00-00-00-00-00-00-00-00-00-00  txqueuelen 1000  (UNSPEC)

wlan0: flags=4163<UP,BROADCAST,RUNNING,MULTICAST>  mtu 1500
        inet 10.128.49.86  netmask 255.255.0.0  broadcast 10.128.255.255
        unspec 00-00-00-00-00-00-00-00-00-00-00-00-00-00-00-00  txqueuelen 3000  (UNSPEC)

[*] Checking local ports with nmap...
Starting Nmap 7.991 ( https://nmap.org ) at 2026-08-12 13:00 +0100
Nmap scan report for localhost (127.0.0.1)
Host is up (0.00021s latency).

PORT    STATE  SERVICE
22/tcp  closed ssh
80/tcp  closed http
443/tcp closed https

Nmap done: 1 IP address (1 host up) scanned in 0.05 seconds
[*] Checking local Git repositories...
[+] Syncing repository: Neofetch-Python
On branch main
Your branch is up to date with 'origin/main'.

nothing to commit, working tree clean
[-] Push skipped or no remote set for Neofetch-Python
==========================================
    AUTOMATION ROUTINE COMPLETE
==========================================
==========================================
    MOBILE DEV & SECURITY OPERATIONS
==========================================
[*] Running network check...
Warning: cannot open /proc/net/dev (Permission denied). Limited output.
lo: flags=73<UP,LOOPBACK,RUNNING>  mtu 65536
        inet 127.0.0.1  netmask 255.0.0.0
        unspec 00-00-00-00-00-00-00-00-00-00-00-00-00-00-00-00  txqueuelen 1000  (UNSPEC)

wlan0: flags=4163<UP,BROADCAST,RUNNING,MULTICAST>  mtu 1500
        inet 10.128.49.86  netmask 255.255.0.0  broadcast 10.128.255.255
        unspec 00-00-00-00-00-00-00-00-00-00-00-00-00-00-00-00  txqueuelen 3000  (UNSPEC)

[*] Checking local ports with nmap...
Starting Nmap 7.991 ( https://nmap.org ) at 2026-08-12 13:30 +0100
Nmap scan report for localhost (127.0.0.1)
Host is up (0.00031s latency).

PORT    STATE  SERVICE
22/tcp  closed ssh
80/tcp  closed http
443/tcp closed https

Nmap done: 1 IP address (1 host up) scanned in 0.05 seconds
[*] Checking local Git repositories...
[+] Syncing repository: Neofetch-Python
On branch main
Your branch is up to date with 'origin/main'.

nothing to commit, working tree clean
[-] Push skipped or no remote set for Neofetch-Python
==========================================
    AUTOMATION ROUTINE COMPLETE
==========================================
==========================================
    MOBILE DEV & SECURITY OPERATIONS
==========================================
[*] Running network check...
Warning: cannot open /proc/net/dev (Permission denied). Limited output.
lo: flags=73<UP,LOOPBACK,RUNNING>  mtu 65536
        inet 127.0.0.1  netmask 255.0.0.0
        unspec 00-00-00-00-00-00-00-00-00-00-00-00-00-00-00-00  txqueuelen 1000  (UNSPEC)

wlan0: flags=4163<UP,BROADCAST,RUNNING,MULTICAST>  mtu 1500
        inet 10.128.49.86  netmask 255.255.0.0  broadcast 10.128.255.255
        unspec 00-00-00-00-00-00-00-00-00-00-00-00-00-00-00-00  txqueuelen 3000  (UNSPEC)

[*] Checking local ports with nmap...
Starting Nmap 7.991 ( https://nmap.org ) at 2026-08-12 14:00 +0100
Nmap scan report for localhost (127.0.0.1)
Host is up (0.00023s latency).

PORT    STATE  SERVICE
22/tcp  closed ssh
80/tcp  closed http
443/tcp closed https

Nmap done: 1 IP address (1 host up) scanned in 0.05 seconds
[*] Checking local Git repositories...
[+] Syncing repository: Neofetch-Python
On branch main
Your branch is up to date with 'origin/main'.

nothing to commit, working tree clean
[-] Push skipped or no remote set for Neofetch-Python
==========================================
    AUTOMATION ROUTINE COMPLETE
==========================================
==========================================
    MOBILE DEV & SECURITY OPERATIONS
==========================================
[*] Running network check...
Warning: cannot open /proc/net/dev (Permission denied). Limited output.
lo: flags=73<UP,LOOPBACK,RUNNING>  mtu 65536
        inet 127.0.0.1  netmask 255.0.0.0
        unspec 00-00-00-00-00-00-00-00-00-00-00-00-00-00-00-00  txqueuelen 1000  (UNSPEC)

wlan0: flags=4163<UP,BROADCAST,RUNNING,MULTICAST>  mtu 1500
        inet 10.128.49.86  netmask 255.255.0.0  broadcast 10.128.255.255
        unspec 00-00-00-00-00-00-00-00-00-00-00-00-00-00-00-00  txqueuelen 3000  (UNSPEC)

[*] Checking local ports with nmap...
Starting Nmap 7.991 ( https://nmap.org ) at 2026-08-12 14:30 +0100
Nmap scan report for localhost (127.0.0.1)
Host is up (0.00026s latency).

PORT    STATE  SERVICE
22/tcp  closed ssh
80/tcp  closed http
443/tcp closed https

Nmap done: 1 IP address (1 host up) scanned in 0.05 seconds
[*] Checking local Git repositories...
[+] Syncing repository: Neofetch-Python
On branch main
Your branch is up to date with 'origin/main'.

nothing to commit, working tree clean
[-] Push skipped or no remote set for Neofetch-Python
==========================================
    AUTOMATION ROUTINE COMPLETE
==========================================
==========================================
    MOBILE DEV & SECURITY OPERATIONS
==========================================
[*] Running network check...
Warning: cannot open /proc/net/dev (Permission denied). Limited output.
lo: flags=73<UP,LOOPBACK,RUNNING>  mtu 65536
        inet 127.0.0.1  netmask 255.0.0.0
        unspec 00-00-00-00-00-00-00-00-00-00-00-00-00-00-00-00  txqueuelen 1000  (UNSPEC)

wlan0: flags=4163<UP,BROADCAST,RUNNING,MULTICAST>  mtu 1500
        inet 10.128.49.86  netmask 255.255.0.0  broadcast 10.128.255.255
        unspec 00-00-00-00-00-00-00-00-00-00-00-00-00-00-00-00  txqueuelen 3000  (UNSPEC)

[*] Checking local ports with nmap...
Starting Nmap 7.991 ( https://nmap.org ) at 2026-08-12 15:00 +0100
Nmap scan report for localhost (127.0.0.1)
Host is up (0.00024s latency).

PORT    STATE  SERVICE
22/tcp  closed ssh
80/tcp  closed http
443/tcp closed https

Nmap done: 1 IP address (1 host up) scanned in 0.05 seconds
[*] Checking local Git repositories...
[+] Syncing repository: Neofetch-Python
On branch main
Your branch is up to date with 'origin/main'.

nothing to commit, working tree clean
[-] Push skipped or no remote set for Neofetch-Python
==========================================
    AUTOMATION ROUTINE COMPLETE
==========================================
==========================================
    MOBILE DEV & SECURITY OPERATIONS
==========================================
[*] Running network check...
Warning: cannot open /proc/net/dev (Permission denied). Limited output.
lo: flags=73<UP,LOOPBACK,RUNNING>  mtu 65536
        inet 127.0.0.1  netmask 255.0.0.0
        unspec 00-00-00-00-00-00-00-00-00-00-00-00-00-00-00-00  txqueuelen 1000  (UNSPEC)

wlan0: flags=4163<UP,BROADCAST,RUNNING,MULTICAST>  mtu 1500
        inet 10.128.49.86  netmask 255.255.0.0  broadcast 10.128.255.255
        unspec 00-00-00-00-00-00-00-00-00-00-00-00-00-00-00-00  txqueuelen 3000  (UNSPEC)

[*] Checking local ports with nmap...
Starting Nmap 7.991 ( https://nmap.org ) at 2026-08-12 15:30 +0100
Nmap scan report for localhost (127.0.0.1)
Host is up (0.00019s latency).

PORT    STATE  SERVICE
22/tcp  closed ssh
80/tcp  closed http
443/tcp closed https

Nmap done: 1 IP address (1 host up) scanned in 0.05 seconds
[*] Checking local Git repositories...
[+] Syncing repository: Neofetch-Python
On branch main
Your branch is up to date with 'origin/main'.

nothing to commit, working tree clean
[-] Push skipped or no remote set for Neofetch-Python
==========================================
    AUTOMATION ROUTINE COMPLETE
==========================================
==========================================
    MOBILE DEV & SECURITY OPERATIONS
==========================================
[*] Running network check...
Warning: cannot open /proc/net/dev (Permission denied). Limited output.
lo: flags=73<UP,LOOPBACK,RUNNING>  mtu 65536
        inet 127.0.0.1  netmask 255.0.0.0
        unspec 00-00-00-00-00-00-00-00-00-00-00-00-00-00-00-00  txqueuelen 1000  (UNSPEC)

wlan0: flags=4163<UP,BROADCAST,RUNNING,MULTICAST>  mtu 1500
        inet 10.128.49.86  netmask 255.255.0.0  broadcast 10.128.255.255
        unspec 00-00-00-00-00-00-00-00-00-00-00-00-00-00-00-00  txqueuelen 3000  (UNSPEC)

[*] Checking local ports with nmap...
Starting Nmap 7.991 ( https://nmap.org ) at 2026-08-12 16:00 +0100
Nmap scan report for localhost (127.0.0.1)
Host is up (0.00023s latency).

PORT    STATE  SERVICE
22/tcp  closed ssh
80/tcp  closed http
443/tcp closed https

Nmap done: 1 IP address (1 host up) scanned in 0.05 seconds
[*] Checking local Git repositories...
[+] Syncing repository: Neofetch-Python
On branch main
Your branch is up to date with 'origin/main'.

nothing to commit, working tree clean
[-] Push skipped or no remote set for Neofetch-Python
==========================================
    AUTOMATION ROUTINE COMPLETE
==========================================
==========================================
    MOBILE DEV & SECURITY OPERATIONS
==========================================
[*] Running network check...
Warning: cannot open /proc/net/dev (Permission denied). Limited output.
lo: flags=73<UP,LOOPBACK,RUNNING>  mtu 65536
        inet 127.0.0.1  netmask 255.0.0.0
        unspec 00-00-00-00-00-00-00-00-00-00-00-00-00-00-00-00  txqueuelen 1000  (UNSPEC)

wlan0: flags=4163<UP,BROADCAST,RUNNING,MULTICAST>  mtu 1500
        inet 10.128.49.86  netmask 255.255.0.0  broadcast 10.128.255.255
        unspec 00-00-00-00-00-00-00-00-00-00-00-00-00-00-00-00  txqueuelen 3000  (UNSPEC)

[*] Checking local ports with nmap...
Starting Nmap 7.991 ( https://nmap.org ) at 2026-08-12 16:30 +0100
Nmap scan report for localhost (127.0.0.1)
Host is up (0.00028s latency).

PORT    STATE  SERVICE
22/tcp  closed ssh
80/tcp  closed http
443/tcp closed https

Nmap done: 1 IP address (1 host up) scanned in 0.04 seconds
[*] Checking local Git repositories...
[+] Syncing repository: Neofetch-Python
On branch main
Your branch is up to date with 'origin/main'.

nothing to commit, working tree clean
[-] Push skipped or no remote set for Neofetch-Python
==========================================
    AUTOMATION ROUTINE COMPLETE
==========================================
